exports[`<StyledLink /> should render <LinkWrapper /> 1`] = `1`
