exports[`<StyledField /> should render redux-form Field 1`] = `1`
