exports[`<Wrapper /> should render section 1`] = `true`
