exports[`<Content /> Should render main 1`] = `1`
