exports[`<Wrapper /> should render section 1`] = `1`
